** Drc report for master.kicad_pcb **
** Created on 2026-01-12T01:38:11+0900 **

** Found 35 DRC violations **
[solder_mask_bridge]: 異なるネットのアイテムが表面ハンダマスクのアパーチャで接続されている
    ルール: 基板セットアップのハンダマスクの最小幅; error
    @(111.3825 mm, 153.4408 mm): パッド A1_B12 [GND] - J2 ( F.Cu 上)
    @(111.3825 mm, 154.2407 mm): パッド A4_B9 [/RP2040/USB_VBUS] - J2 ( F.Cu 上)
[solder_mask_bridge]: 異なるネットのアイテムが表面ハンダマスクのアパーチャで接続されている
    ルール: 基板セットアップのハンダマスクの最小幅; error
    @(111.3825 mm, 154.2407 mm): パッド A4_B9 [/RP2040/USB_VBUS] - J2 ( F.Cu 上)
    @(111.3825 mm, 154.8907 mm): パッド B8 [unconnected-(J2-SBU2-PadB8)] - J2 ( F.Cu 上)
[solder_mask_bridge]: 異なるネットのアイテムが表面ハンダマスクのアパーチャで接続されている
    ルール: 基板セットアップのハンダマスクの最小幅; error
    @(111.3825 mm, 155.3907 mm): パッド A5 [Net-(J2-CC1)] - J2 ( F.Cu 上)
    @(111.3825 mm, 154.8907 mm): パッド B8 [unconnected-(J2-SBU2-PadB8)] - J2 ( F.Cu 上)
[solder_mask_bridge]: 異なるネットのアイテムが表面ハンダマスクのアパーチャで接続されている
    ルール: 基板セットアップのハンダマスクの最小幅; error
    @(111.3825 mm, 155.3907 mm): パッド A5 [Net-(J2-CC1)] - J2 ( F.Cu 上)
    @(111.3825 mm, 155.8907 mm): パッド B7 [Net-(J2-DN1)] - J2 ( F.Cu 上)
[solder_mask_bridge]: 異なるネットのアイテムが表面ハンダマスクのアパーチャで接続されている
    ルール: 基板セットアップのハンダマスクの最小幅; error
    @(111.3825 mm, 156.3907 mm): パッド A6 [Net-(J2-DP1)] - J2 ( F.Cu 上)
    @(111.3825 mm, 156.8907 mm): パッド A7 [Net-(J2-DN1)] - J2 ( F.Cu 上)
[solder_mask_bridge]: 異なるネットのアイテムが表面ハンダマスクのアパーチャで接続されている
    ルール: 基板セットアップのハンダマスクの最小幅; error
    @(111.3825 mm, 156.3907 mm): パッド A6 [Net-(J2-DP1)] - J2 ( F.Cu 上)
    @(111.3825 mm, 155.8907 mm): パッド B7 [Net-(J2-DN1)] - J2 ( F.Cu 上)
[solder_mask_bridge]: 異なるネットのアイテムが表面ハンダマスクのアパーチャで接続されている
    ルール: 基板セットアップのハンダマスクの最小幅; error
    @(111.3825 mm, 156.8907 mm): パッド A7 [Net-(J2-DN1)] - J2 ( F.Cu 上)
    @(111.3825 mm, 157.3907 mm): パッド B6 [Net-(J2-DP1)] - J2 ( F.Cu 上)
[solder_mask_bridge]: 異なるネットのアイテムが表面ハンダマスクのアパーチャで接続されている
    ルール: 基板セットアップのハンダマスクの最小幅; error
    @(111.3825 mm, 157.8907 mm): パッド A8 [unconnected-(J2-SBU1-PadA8)] - J2 ( F.Cu 上)
    @(111.3825 mm, 158.3907 mm): パッド B5 [Net-(J2-CC2)] - J2 ( F.Cu 上)
[solder_mask_bridge]: 異なるネットのアイテムが表面ハンダマスクのアパーチャで接続されている
    ルール: 基板セットアップのハンダマスクの最小幅; error
    @(111.3825 mm, 157.8907 mm): パッド A8 [unconnected-(J2-SBU1-PadA8)] - J2 ( F.Cu 上)
    @(111.3825 mm, 157.3907 mm): パッド B6 [Net-(J2-DP1)] - J2 ( F.Cu 上)
[solder_mask_bridge]: 異なるネットのアイテムが表面ハンダマスクのアパーチャで接続されている
    ルール: 基板セットアップのハンダマスクの最小幅; error
    @(111.3825 mm, 159.8408 mm): パッド B1_A12 [GND] - J2 ( F.Cu 上)
    @(111.3825 mm, 159.0408 mm): パッド B4_A9 [/RP2040/USB_VBUS] - J2 ( F.Cu 上)
[solder_mask_bridge]: 異なるネットのアイテムが表面ハンダマスクのアパーチャで接続されている
    ルール: 基板セットアップのハンダマスクの最小幅; error
    @(111.3825 mm, 159.0408 mm): パッド B4_A9 [/RP2040/USB_VBUS] - J2 ( F.Cu 上)
    @(111.3825 mm, 158.3907 mm): パッド B5 [Net-(J2-CC2)] - J2 ( F.Cu 上)
[malformed_courtyard]: フットプリントのコートヤードが不正 (閉じていない形状)
    ローカル オーバーライド; error
    @(157.5000 mm, 139.6250 mm): フットプリント U8
[malformed_courtyard]: フットプリントのコートヤードが不正 (自己交差)
    ローカル オーバーライド; error
    @(157.5000 mm, 139.6250 mm): フットプリント U8
[malformed_courtyard]: フットプリントのコートヤードが不正 (閉じていない形状)
    ローカル オーバーライド; error
    @(171.5000 mm, 121.0000 mm): フットプリント U1
[malformed_courtyard]: フットプリントのコートヤードが不正 (閉じていない形状)
    ローカル オーバーライド; error
    @(171.5000 mm, 121.0000 mm): フットプリント U1
[malformed_courtyard]: フットプリントのコートヤードが不正 (閉じていない形状)
    ローカル オーバーライド; error
    @(171.5000 mm, 121.0000 mm): フットプリント U1
[malformed_courtyard]: フットプリントのコートヤードが不正 (閉じていない形状)
    ローカル オーバーライド; error
    @(171.5000 mm, 121.0000 mm): フットプリント U1
[malformed_courtyard]: フットプリントのコートヤードが不正 (閉じていない形状)
    ローカル オーバーライド; error
    @(171.5000 mm, 121.0000 mm): フットプリント U1
[malformed_courtyard]: フットプリントのコートヤードが不正 (閉じていない形状)
    ローカル オーバーライド; error
    @(171.5000 mm, 121.0000 mm): フットプリント U1
[malformed_courtyard]: フットプリントのコートヤードが不正 (閉じていない形状)
    ローカル オーバーライド; error
    @(171.5000 mm, 121.0000 mm): フットプリント U1
[malformed_courtyard]: フットプリントのコートヤードが不正 (閉じていない形状)
    ローカル オーバーライド; error
    @(171.5000 mm, 121.0000 mm): フットプリント U1
[malformed_courtyard]: フットプリントのコートヤードが不正 (閉じていない形状)
    ローカル オーバーライド; error
    @(171.5000 mm, 121.0000 mm): フットプリント U1
[malformed_courtyard]: フットプリントのコートヤードが不正 (閉じていない形状)
    ローカル オーバーライド; error
    @(171.5000 mm, 121.0000 mm): フットプリント U1
[malformed_courtyard]: フットプリントのコートヤードが不正 (閉じていない形状)
    ローカル オーバーライド; error
    @(171.5000 mm, 121.0000 mm): フットプリント U1
[malformed_courtyard]: フットプリントのコートヤードが不正 (閉じていない形状)
    ローカル オーバーライド; error
    @(171.5000 mm, 121.0000 mm): フットプリント U1
[malformed_courtyard]: フットプリントのコートヤードが不正 (閉じていない形状)
    ローカル オーバーライド; error
    @(171.5000 mm, 121.0000 mm): フットプリント U1
[malformed_courtyard]: フットプリントのコートヤードが不正 (閉じていない形状)
    ローカル オーバーライド; error
    @(171.5000 mm, 121.0000 mm): フットプリント U1
[malformed_courtyard]: フットプリントのコートヤードが不正 (閉じていない形状)
    ローカル オーバーライド; error
    @(171.5000 mm, 121.0000 mm): フットプリント U1
[clearance]: クリアランス違反 (ネットクラス 'Default' クリアランス 0.2000 mm; 現状 0.1952 mm)
    ルール: ネットクラス 'Default'; error
    @(159.2528 mm, 138.6250 mm): パッド 8 [/Master_Display/DFF-Q] - U8 ( F.Cu 上)
    @(158.7528 mm, 138.6250 mm): パッド 7 [+3V3] - U8 ( F.Cu 上)
[clearance]: クリアランス違反 (ネットクラス 'Default' クリアランス 0.2000 mm; 現状 0.1952 mm)
    ルール: ネットクラス 'Default'; error
    @(158.7528 mm, 138.6250 mm): パッド 7 [+3V3] - U8 ( F.Cu 上)
    @(158.2528 mm, 138.6250 mm): パッド 6 [/Master_Display/SPI-CLK] - U8 ( F.Cu 上)
[clearance]: クリアランス違反 (ネットクラス 'Default' クリアランス 0.2000 mm; 現状 0.1952 mm)
    ルール: ネットクラス 'Default'; error
    @(158.2528 mm, 138.6250 mm): パッド 6 [/Master_Display/SPI-CLK] - U8 ( F.Cu 上)
    @(157.7528 mm, 138.6250 mm): パッド 5 [/Master_Display/SPI-MOSI] - U8 ( F.Cu 上)
[clearance]: クリアランス違反 (ネットクラス 'Default' クリアランス 0.2000 mm; 現状 0.1952 mm)
    ルール: ネットクラス 'Default'; error
    @(157.7528 mm, 138.6250 mm): パッド 5 [/Master_Display/SPI-MOSI] - U8 ( F.Cu 上)
    @(157.2528 mm, 138.6250 mm): パッド 4 [/Master_Display/SPI-DC] - U8 ( F.Cu 上)
[clearance]: クリアランス違反 (ネットクラス 'Default' クリアランス 0.2000 mm; 現状 0.1952 mm)
    ルール: ネットクラス 'Default'; error
    @(157.2528 mm, 138.6250 mm): パッド 4 [/Master_Display/SPI-DC] - U8 ( F.Cu 上)
    @(156.7528 mm, 138.6250 mm): パッド 3 [Net-(U8-RESET)] - U8 ( F.Cu 上)
[clearance]: クリアランス違反 (ネットクラス 'Default' クリアランス 0.2000 mm; 現状 0.1952 mm)
    ルール: ネットクラス 'Default'; error
    @(156.7528 mm, 138.6250 mm): パッド 3 [Net-(U8-RESET)] - U8 ( F.Cu 上)
    @(156.2528 mm, 138.6250 mm): パッド 2 [GND] - U8 ( F.Cu 上)
[clearance]: クリアランス違反 (ネットクラス 'Default' クリアランス 0.2000 mm; 現状 0.1952 mm)
    ルール: ネットクラス 'Default'; error
    @(156.2528 mm, 138.6250 mm): パッド 2 [GND] - U8 ( F.Cu 上)
    @(155.7528 mm, 138.6250 mm): パッド 1 [Net-(U8-LEDA)] - U8 ( F.Cu 上)

** Found 122 unconnected pads **
[unconnected_items]: アイテム間の接続が見つからない
    ローカル オーバーライド; error
    @(106.6375 mm, 160.9607 mm): PTHパッド SH4 [GND] (J2)
    @(110.8175 mm, 160.9607 mm): PTHパッド SH2 [GND] (J2)
[unconnected_items]: アイテム間の接続が見つからない
    ローカル オーバーライド; error
    @(110.8175 mm, 152.3208 mm): PTHパッド SH1 [GND] (J2)
    @(106.6375 mm, 152.3208 mm): PTHパッド SH3 [GND] (J2)
[unconnected_items]: アイテム間の接続が見つからない
    ローカル オーバーライド; error
    @(110.8500 mm, 58.3875 mm): パッド 2 [GND] - C15 ( F.Cu 上)
    @(117.0050 mm, 61.1750 mm): パッド 4 [GND] - U6 ( F.Cu 上)
[unconnected_items]: アイテム間の接続が見つからない
    ローカル オーバーライド; error
    @(111.3825 mm, 153.4408 mm): パッド A1_B12 [GND] - J2 ( F.Cu 上)
    @(110.8175 mm, 152.3208 mm): PTHパッド SH1 [GND] (J2)
[unconnected_items]: アイテム間の接続が見つからない
    ローカル オーバーライド; error
    @(111.3825 mm, 153.4408 mm): パッド A1_B12 [GND] - J2 ( F.Cu 上)
    @(111.3825 mm, 159.8408 mm): パッド B1_A12 [GND] - J2 ( F.Cu 上)
[unconnected_items]: アイテム間の接続が見つからない
    ローカル オーバーライド; error
    @(111.3825 mm, 159.8408 mm): パッド B1_A12 [GND] - J2 ( F.Cu 上)
    @(110.8175 mm, 160.9607 mm): PTHパッド SH2 [GND] (J2)
[unconnected_items]: アイテム間の接続が見つからない
    ローカル オーバーライド; error
    @(112.9750 mm, 47.0625 mm): パッド 2 [GND] - C10 ( F.Cu 上)
    @(112.9750 mm, 48.8125 mm): パッド 2 [GND] - C13 ( F.Cu 上)
[unconnected_items]: アイテム間の接続が見つからない
    ローカル オーバーライド; error
    @(112.9750 mm, 47.0625 mm): パッド 2 [GND] - C10 ( F.Cu 上)
    @(114.4750 mm, 45.3125 mm): パッド 2 [GND] - C9 ( F.Cu 上)
[unconnected_items]: アイテム間の接続が見つからない
    ローカル オーバーライド; error
    @(113.6375 mm, 147.2500 mm): パッド 2 [GND] - U3 ( F.Cu 上)
    @(116.8500 mm, 150.2500 mm): パッド 2 [GND] - U4 ( F.Cu 上)
[unconnected_items]: アイテム間の接続が見つからない
    ローカル オーバーライド; error
    @(113.6375 mm, 147.2500 mm): パッド 2 [GND] - U3 ( F.Cu 上)
    @(110.8175 mm, 152.3208 mm): PTHパッド SH1 [GND] (J2)
[unconnected_items]: アイテム間の接続が見つからない
    ローカル オーバーライド; error
    @(113.6375 mm, 147.2500 mm): パッド 2 [GND] - U3 ( F.Cu 上)
    @(120.2500 mm, 140.5000 mm): PTHパッド S1 [GND] (U11)
[unconnected_items]: アイテム間の接続が見つからない
    ローカル オーバーライド; error
    @(113.7500 mm, 126.8000 mm): パッド 2 [GND] - C25 ( F.Cu 上)
    @(122.7500 mm, 126.0000 mm): PTHパッド C [GND] (U11)
[unconnected_items]: アイテム間の接続が見つからない
    ローカル オーバーライド; error
    @(115.7500 mm, 116.3500 mm): パッド 2 [GND] - C26 ( F.Cu 上)
    @(120.1375 mm, 116.1750 mm): パッド 4 [GND] - U12 ( F.Cu 上)
[unconnected_items]: アイテム間の接続が見つからない
    ローカル オーバーライド; error
    @(115.9500 mm, 37.7375 mm): パッド 2 [GND] - C14 ( F.Cu 上)
    @(114.4750 mm, 45.3125 mm): パッド 2 [GND] - C9 ( F.Cu 上)
[unconnected_items]: アイテム間の接続が見つからない
    ローカル オーバーライド; error
    @(116.8500 mm, 150.2500 mm): パッド 2 [GND] - U4 ( F.Cu 上)
    @(117.6625 mm, 156.7500 mm): パッド 2 [GND] - R19 ( F.Cu 上)
[unconnected_items]: アイテム間の接続が見つからない
    ローカル オーバーライド; error
    @(116.9125 mm, 163.7500 mm): パッド 2 [GND] - R18 ( F.Cu 上)
    @(110.8175 mm, 160.9607 mm): PTHパッド SH2 [GND] (J2)
[unconnected_items]: アイテム間の接続が見つからない
    ローカル オーバーライド; error
    @(117.0050 mm, 61.1750 mm): パッド 4 [GND] - U6 ( F.Cu 上)
    @(120.1500 mm, 55.3875 mm): パッド 2 [GND] - C3 ( F.Cu 上)
[unconnected_items]: アイテム間の接続が見つからない
    ローカル オーバーライド; error
    @(117.5500 mm, 37.2375 mm): パッド 2 [GND] - C11 ( F.Cu 上)
    @(115.9500 mm, 37.7375 mm): パッド 2 [GND] - C14 ( F.Cu 上)
[unconnected_items]: アイテム間の接続が見つからない
    ローカル オーバーライド; error
    @(117.6625 mm, 156.7500 mm): パッド 2 [GND] - R19 ( F.Cu 上)
    @(124.0000 mm, 157.3875 mm): パッド 2 [GND] - U2 ( F.Cu 上)
[unconnected_items]: アイテム間の接続が見つからない
    ローカル オーバーライド; error
    @(119.2500 mm, 37.3375 mm): パッド 2 [GND] - C8 ( F.Cu 上)
    @(117.5500 mm, 37.2375 mm): パッド 2 [GND] - C11 ( F.Cu 上)
[unconnected_items]: アイテム間の接続が見つからない
    ローカル オーバーライド; error
    @(119.2500 mm, 37.3375 mm): パッド 2 [GND] - C8 ( F.Cu 上)
    @(121.0500 mm, 39.2375 mm): パッド 2 [GND] - C7 ( F.Cu 上)
[unconnected_items]: アイテム間の接続が見つからない
    ローカル オーバーライド; error
    @(120.1375 mm, 116.1750 mm): パッド 4 [GND] - U12 ( F.Cu 上)
    @(120.1375 mm, 115.5250 mm): パッド 3 [GND] - U12 ( F.Cu 上)
[unconnected_items]: アイテム間の接続が見つからない
    ローカル オーバーライド; error
    @(120.1375 mm, 116.8250 mm): パッド 5 [GND] - U12 ( F.Cu 上)
    @(120.1375 mm, 116.1750 mm): パッド 4 [GND] - U12 ( F.Cu 上)
[unconnected_items]: アイテム間の接続が見つからない
    ローカル オーバーライド; error
    @(120.1375 mm, 117.4750 mm): パッド 6 [GND] - U12 ( F.Cu 上)
    @(120.1375 mm, 116.8250 mm): パッド 5 [GND] - U12 ( F.Cu 上)
[unconnected_items]: アイテム間の接続が見つからない
    ローカル オーバーライド; error
    @(120.1375 mm, 117.4750 mm): パッド 6 [GND] - U12 ( F.Cu 上)
    @(120.1375 mm, 118.7750 mm): パッド 8 [GND] - U12 ( F.Cu 上)
[unconnected_items]: アイテム間の接続が見つからない
    ローカル オーバーライド; error
    @(120.1375 mm, 118.7750 mm): パッド 8 [GND] - U12 ( F.Cu 上)
    @(122.7500 mm, 126.0000 mm): PTHパッド C [GND] (U11)
[unconnected_items]: アイテム間の接続が見つからない
    ローカル オーバーライド; error
    @(120.1500 mm, 55.3875 mm): パッド 2 [GND] - C3 ( F.Cu 上)
    @(126.2500 mm, 54.2750 mm): パッド 2 [GND] - C4 ( F.Cu 上)
[unconnected_items]: アイテム間の接続が見つからない
    ローカル オーバーライド; error
    @(120.1750 mm, 163.7500 mm): パッド 2 [GND] - R15 ( F.Cu 上)
    @(116.9125 mm, 163.7500 mm): パッド 2 [GND] - R18 ( F.Cu 上)
[unconnected_items]: アイテム間の接続が見つからない
    ローカル オーバーライド; error
    @(120.1750 mm, 163.7500 mm): パッド 2 [GND] - R15 ( F.Cu 上)
    @(122.8000 mm, 168.0000 mm): パッド 2 [GND] - C2 ( F.Cu 上)
[unconnected_items]: アイテム間の接続が見つからない
    ローカル オーバーライド; error
    @(121.0500 mm, 39.2375 mm): パッド 2 [GND] - C7 ( F.Cu 上)
    @(123.4500 mm, 46.5500 mm): パッド 57 [GND] - U5 ( F.Cu 上)
[unconnected_items]: アイテム間の接続が見つからない
    ローカル オーバーライド; error
    @(122.7500 mm, 126.0000 mm): PTHパッド C [GND] (U11)
    @(132.5000 mm, 126.6625 mm): パッド 2 [GND] - C24 ( F.Cu 上)
[unconnected_items]: アイテム間の接続が見つからない
    ローカル オーバーライド; error
    @(122.7500 mm, 126.0000 mm): PTHパッド C [GND] (U11)
    @(120.2500 mm, 140.5000 mm): PTHパッド S1 [GND] (U11)
[unconnected_items]: アイテム間の接続が見つからない
    ローカル オーバーライド; error
    @(124.6500 mm, 37.2375 mm): パッド 2 [GND] - C6 ( F.Cu 上)
    @(121.0500 mm, 39.2375 mm): パッド 2 [GND] - C7 ( F.Cu 上)
[unconnected_items]: アイテム間の接続が見つからない
    ローカル オーバーライド; error
    @(125.4500 mm, 150.2500 mm): パッド 2 [GND] - C1 ( F.Cu 上)
    @(124.0000 mm, 157.3875 mm): パッド 2 [GND] - U2 ( F.Cu 上)
[unconnected_items]: アイテム間の接続が見つからない
    ローカル オーバーライド; error
    @(125.8625 mm, 114.8750 mm): パッド 15 [GND] - U12 ( F.Cu 上)
    @(125.8625 mm, 115.5250 mm): パッド 14 [GND] - U12 ( F.Cu 上)
[unconnected_items]: アイテム間の接続が見つからない
    ローカル オーバーライド; error
    @(125.8625 mm, 115.5250 mm): パッド 14 [GND] - U12 ( F.Cu 上)
    @(120.1375 mm, 115.5250 mm): パッド 3 [GND] - U12 ( F.Cu 上)
[unconnected_items]: アイテム間の接続が見つからない
    ローカル オーバーライド; error
    @(126.8875 mm, 47.5500 mm): パッド 19 [GND] - U5 ( F.Cu 上)
    @(123.4500 mm, 46.5500 mm): パッド 57 [GND] - U5 ( F.Cu 上)
[unconnected_items]: アイテム間の接続が見つからない
    ローカル オーバーライド; error
    @(126.8875 mm, 47.5500 mm): パッド 19 [GND] - U5 ( F.Cu 上)
    @(131.7250 mm, 44.4125 mm): パッド 2 [GND] - C12 ( F.Cu 上)
[unconnected_items]: アイテム間の接続が見つからない
    ローカル オーバーライド; error
    @(126.8875 mm, 47.5500 mm): パッド 19 [GND] - U5 ( F.Cu 上)
    @(126.2500 mm, 54.2750 mm): パッド 2 [GND] - C4 ( F.Cu 上)
[unconnected_items]: アイテム間の接続が見つからない
    ローカル オーバーライド; error
    @(127.1250 mm, 105.6000 mm): パッド 2 [GND] - BOOTSEL ( F.Cu 上)
    @(132.3750 mm, 105.6000 mm): パッド 2 [GND] - BOOTSEL ( F.Cu 上)
[unconnected_items]: アイテム間の接続が見つからない
    ローカル オーバーライド; error
    @(127.1250 mm, 105.6000 mm): パッド 2 [GND] - BOOTSEL ( F.Cu 上)
    @(125.8625 mm, 114.8750 mm): パッド 15 [GND] - U12 ( F.Cu 上)
[unconnected_items]: アイテム間の接続が見つからない
    ローカル オーバーライド; error
    @(127.1250 mm, 105.6000 mm): パッド 2 [GND] - BOOTSEL ( F.Cu 上)
    @(127.2500 mm, 95.2000 mm): パッド 2 [GND] - RESET ( F.Cu 上)
[unconnected_items]: アイテム間の接続が見つからない
    ローカル オーバーライド; error
    @(127.1250 mm, 105.6000 mm): パッド 2 [GND] - BOOTSEL ( F.Cu 上)
    @(116.2750 mm, 101.7500 mm): PTHパッド 4 [GND] (J1)
[unconnected_items]: アイテム間の接続が見つからない
    ローカル オーバーライド; error
    @(131.7250 mm, 44.4125 mm): パッド 2 [GND] - C12 ( F.Cu 上)
    @(133.4250 mm, 46.1125 mm): パッド 2 [GND] - C5 ( F.Cu 上)
[unconnected_items]: アイテム間の接続が見つからない
    ローカル オーバーライド; error
    @(132.3750 mm, 105.6000 mm): パッド 2 [GND] - BOOTSEL ( F.Cu 上)
    @(139.5000 mm, 113.2500 mm): パッド 1 [GND] - C18 ( F.Cu 上)
[unconnected_items]: アイテム間の接続が見つからない
    ローカル オーバーライド; error
    @(132.5000 mm, 95.2000 mm): パッド 2 [GND] - RESET ( F.Cu 上)
    @(127.2500 mm, 95.2000 mm): パッド 2 [GND] - RESET ( F.Cu 上)
[unconnected_items]: アイテム間の接続が見つからない
    ローカル オーバーライド; error
    @(132.5000 mm, 95.2000 mm): パッド 2 [GND] - RESET ( F.Cu 上)
    @(134.4500 mm, 85.2500 mm): 配線 [GND] ( F.Cu 上、長さ: 0.7070 mm )
[unconnected_items]: アイテム間の接続が見つからない
    ローカル オーバーライド; error
    @(134.4500 mm, 85.2500 mm): 配線 [GND] ( F.Cu 上、長さ: 0.7070 mm )
    @(134.8500 mm, 59.0875 mm): パッド 2 [GND] - C16 ( F.Cu 上)
[unconnected_items]: アイテム間の接続が見つからない
    ローカル オーバーライド; error
    @(134.8500 mm, 59.0875 mm): パッド 2 [GND] - C16 ( F.Cu 上)
    @(126.2500 mm, 54.2750 mm): パッド 2 [GND] - C4 ( F.Cu 上)
[unconnected_items]: アイテム間の接続が見つからない
    ローカル オーバーライド; error
    @(138.6375 mm, 169.5250 mm): パッド 3 [GND] - U10 ( F.Cu 上)
    @(144.3625 mm, 169.5250 mm): パッド 14 [GND] - U10 ( F.Cu 上)
[unconnected_items]: アイテム間の接続が見つからない
    ローカル オーバーライド; error
    @(138.6375 mm, 169.5250 mm): パッド 3 [GND] - U10 ( F.Cu 上)
    @(122.8000 mm, 168.0000 mm): パッド 2 [GND] - C2 ( F.Cu 上)
[unconnected_items]: アイテム間の接続が見つからない
    ローカル オーバーライド; error
    @(138.6375 mm, 170.1750 mm): パッド 4 [GND] - U10 ( F.Cu 上)
    @(138.6375 mm, 170.8250 mm): パッド 5 [GND] - U10 ( F.Cu 上)
[unconnected_items]: アイテム間の接続が見つからない
    ローカル オーバーライド; error
    @(138.6375 mm, 170.1750 mm): パッド 4 [GND] - U10 ( F.Cu 上)
    @(138.6375 mm, 169.5250 mm): パッド 3 [GND] - U10 ( F.Cu 上)
[unconnected_items]: アイテム間の接続が見つからない
    ローカル オーバーライド; error
    @(138.6375 mm, 170.8250 mm): パッド 5 [GND] - U10 ( F.Cu 上)
    @(138.6375 mm, 171.4750 mm): パッド 6 [GND] - U10 ( F.Cu 上)
[unconnected_items]: アイテム間の接続が見つからない
    ローカル オーバーライド; error
    @(138.6375 mm, 171.4750 mm): パッド 6 [GND] - U10 ( F.Cu 上)
    @(138.6375 mm, 172.7750 mm): パッド 8 [GND] - U10 ( F.Cu 上)
[unconnected_items]: アイテム間の接続が見つからない
    ローカル オーバーライド; error
    @(141.0250 mm, 48.7125 mm): パッド 2 [GND] - C17 ( F.Cu 上)
    @(133.4250 mm, 46.1125 mm): パッド 2 [GND] - C5 ( F.Cu 上)
[unconnected_items]: アイテム間の接続が見つからない
    ローカル オーバーライド; error
    @(142.6500 mm, 163.7500 mm): パッド 2 [GND] - C23 ( F.Cu 上)
    @(144.3625 mm, 168.8750 mm): パッド 15 [GND] - U10 ( F.Cu 上)
[unconnected_items]: アイテム間の接続が見つからない
    ローカル オーバーライド; error
    @(142.6500 mm, 163.7500 mm): パッド 2 [GND] - C23 ( F.Cu 上)
    @(150.0000 mm, 161.7500 mm): PTHパッド C [GND] (U9)
[unconnected_items]: アイテム間の接続が見つからない
    ローカル オーバーライド; error
    @(142.6500 mm, 163.7500 mm): パッド 2 [GND] - C23 ( F.Cu 上)
    @(141.8750 mm, 152.7500 mm): パッド 2 [GND] - C22 ( F.Cu 上)
[unconnected_items]: アイテム間の接続が見つからない
    ローカル オーバーライド; error
    @(144.3625 mm, 169.5250 mm): パッド 14 [GND] - U10 ( F.Cu 上)
    @(144.3625 mm, 168.8750 mm): パッド 15 [GND] - U10 ( F.Cu 上)
[unconnected_items]: アイテム間の接続が見つからない
    ローカル オーバーライド; error
    @(145.0000 mm, 115.0000 mm): パッド 2 [GND] - C19 ( F.Cu 上)
    @(139.5000 mm, 113.2500 mm): パッド 1 [GND] - C18 ( F.Cu 上)
[unconnected_items]: アイテム間の接続が見つからない
    ローカル オーバーライド; error
    @(145.2500 mm, 140.0500 mm): パッド 1 [GND] - C20 ( F.Cu 上)
    @(156.2528 mm, 138.6250 mm): パッド 2 [GND] - U8 ( F.Cu 上)
[unconnected_items]: アイテム間の接続が見つからない
    ローカル オーバーライド; error
    @(145.2500 mm, 140.0500 mm): パッド 1 [GND] - C20 ( F.Cu 上)
    @(141.8750 mm, 152.7500 mm): パッド 2 [GND] - C22 ( F.Cu 上)
[unconnected_items]: アイテム間の接続が見つからない
    ローカル オーバーライド; error
    @(146.7500 mm, 87.1900 mm): パッド 21 [GND] - U13 ( F.Cu 上)
    @(141.5150 mm, 85.2500 mm): 配線 [GND] ( F.Cu 上、長さ: 0.0495 mm )
[unconnected_items]: アイテム間の接続が見つからない
    ローカル オーバーライド; error
    @(146.7500 mm, 107.6000 mm): パッド 2 [GND] - U7 ( F.Cu 上)
    @(145.0000 mm, 115.0000 mm): パッド 2 [GND] - C19 ( F.Cu 上)
[unconnected_items]: アイテム間の接続が見つからない
    ローカル オーバーライド; error
    @(151.0000 mm, 87.4125 mm): パッド 1 [GND] - R34 ( F.Cu 上)
    @(146.7500 mm, 87.1900 mm): パッド 21 [GND] - U13 ( F.Cu 上)
[unconnected_items]: アイテム間の接続が見つからない
    ローカル オーバーライド; error
    @(156.2528 mm, 138.6250 mm): パッド 2 [GND] - U8 ( F.Cu 上)
    @(171.5000 mm, 118.5000 mm): パッド 2 [GND] - U1 ( F.Cu 上)
[unconnected_items]: アイテム間の接続が見つからない
    ローカル オーバーライド; error
    @(164.5000 mm, 164.2500 mm): PTHパッド S1 [GND] (U9)
    @(164.7000 mm, 171.7500 mm): パッド 2 [GND] - C21 ( F.Cu 上)
[unconnected_items]: アイテム間の接続が見つからない
    ローカル オーバーライド; error
    @(164.5000 mm, 164.2500 mm): PTHパッド S1 [GND] (U9)
    @(150.0000 mm, 161.7500 mm): PTHパッド C [GND] (U9)
[unconnected_items]: アイテム間の接続が見つからない
    ローカル オーバーライド; error
    @(124.9500 mm, 153.9500 mm): 配線 [/RP2040/USB_VBUS] ( F.Cu 上、長さ: 1.1625 mm )
    @(123.0500 mm, 158.9500 mm): 配線 [/RP2040/USB_VBUS] ( F.Cu 上、長さ: 1.5625 mm )
[unconnected_items]: アイテム間の接続が見つからない
    ローカル オーバーライド; error
    @(110.8500 mm, 56.8375 mm): パッド 1 [+3V3] - C15 ( F.Cu 上)
    @(113.1950 mm, 54.0000 mm): パッド 8 [+3V3] - U6 ( F.Cu 上)
[unconnected_items]: アイテム間の接続が見つからない
    ローカル オーバーライド; error
    @(113.1950 mm, 54.0000 mm): パッド 8 [+3V3] - U6 ( F.Cu 上)
    @(120.1500 mm, 53.8375 mm): パッド 1 [+3V3] - C3 ( F.Cu 上)
[unconnected_items]: アイテム間の接続が見つからない
    ローカル オーバーライド; error
    @(113.7500 mm, 140.1625 mm): パッド 1 [+3V3] - R30 ( F.Cu 上)
    @(130.1625 mm, 146.2500 mm): パッド 1 [+3V3] - R31 ( F.Cu 上)
[unconnected_items]: アイテム間の接続が見つからない
    ローカル オーバーライド; error
    @(117.5632 mm, 46.2615 mm): 配線 [+3V3] ( F.Cu 上、長さ: 1.0868 mm )
    @(118.4500 mm, 45.9500 mm): 配線 [+3V3] ( F.Cu 上、長さ: 0.1945 mm )
[unconnected_items]: アイテム間の接続が見つからない
    ローカル オーバーライド; error
    @(119.2500 mm, 43.1875 mm): 配線 [+3V3] ( F.Cu 上、長さ: 4.3000 mm )
    @(118.9500 mm, 40.4125 mm): 配線 [+3V3] ( F.Cu 上、長さ: 2.8000 mm )
[unconnected_items]: アイテム間の接続が見つからない
    ローカル オーバーライド; error
    @(120.0125 mm, 43.9500 mm): 配線 [+3V3] ( F.Cu 上、長さ: 1.0783 mm )
    @(120.8490 mm, 40.9885 mm): 配線 [+3V3] ( F.Cu 上、長さ: 2.1240 mm )
[unconnected_items]: アイテム間の接続が見つからない
    ローカル オーバーライド; error
    @(120.0125 mm, 44.3500 mm): パッド 44 [+3V3] - U5 ( F.Cu 上)
    @(118.4500 mm, 45.9500 mm): 配線 [+3V3] ( F.Cu 上、長さ: 1.5625 mm )
[unconnected_items]: アイテム間の接続が見つからない
    ローカル オーバーライド; error
    @(119.2510 mm, 46.3500 mm): 配線 [+3V3] ( F.Cu 上、長さ: 0.7615 mm )
    @(120.8500 mm, 49.9875 mm): 配線 [+3V3] ( F.Cu 上、長さ: 2.6250 mm )
[unconnected_items]: アイテム間の接続が見つからない
    ローカル オーバーライド; error
    @(121.0500 mm, 40.7875 mm): 配線 [+3V3] ( F.Cu 上、長さ: 0.2843 mm )
    @(124.4500 mm, 42.0875 mm): 配線 [+3V3] ( F.Cu 上、長さ: 1.3750 mm )
[unconnected_items]: アイテム間の接続が見つからない
    ローカル オーバーライド; error
    @(124.4500 mm, 43.1125 mm): 配線 [+3V3] ( F.Cu 上、長さ: 1.0250 mm )
    @(126.8875 mm, 46.3500 mm): パッド 22 [+3V3] - U5 ( F.Cu 上)
[unconnected_items]: アイテム間の接続が見つからない
    ローカル オーバーライド; error
    @(124.4500 mm, 49.9875 mm): 配線 [+3V3] ( F.Cu 上、長さ: 0.7250 mm )
    @(120.8500 mm, 49.9875 mm): 配線 [+3V3] ( F.Cu 上、長さ: 2.6250 mm )
[unconnected_items]: アイテム間の接続が見つからない
    ローカル オーバーライド; error
    @(124.7000 mm, 168.0000 mm): パッド 1 [+3V3] - C2 ( F.Cu 上)
    @(131.2750 mm, 159.7250 mm): 配線 [+3V3] ( F.Cu 上、長さ: 5.6922 mm )
[unconnected_items]: アイテム間の接続が見つからない
    ローカル オーバーライド; error
    @(125.8625 mm, 114.2250 mm): パッド 16 [+3V3] - U12 ( F.Cu 上)
    @(115.7500 mm, 118.2500 mm): パッド 1 [+3V3] - C26 ( F.Cu 上)
[unconnected_items]: アイテム間の接続が見つからない
    ローカル オーバーライド; error
    @(130.1625 mm, 146.2500 mm): パッド 1 [+3V3] - R31 ( F.Cu 上)
    @(132.5000 mm, 139.8250 mm): パッド 1 [+3V3] - R29 ( F.Cu 上)
[unconnected_items]: アイテム間の接続が見つからない
    ローカル オーバーライド; error
    @(131.2750 mm, 157.2500 mm): 配線 [+3V3] ( F.Cu 上、長さ: 2.4750 mm )
    @(130.1625 mm, 146.2500 mm): パッド 1 [+3V3] - R31 ( F.Cu 上)
[unconnected_items]: アイテム間の接続が見つからない
    ローカル オーバーライド; error
    @(131.2750 mm, 159.7250 mm): 配線 [+3V3] ( F.Cu 上、長さ: 5.6922 mm )
    @(140.7500 mm, 163.7500 mm): パッド 1 [+3V3] - C23 ( F.Cu 上)
[unconnected_items]: アイテム間の接続が見つからない
    ローカル オーバーライド; error
    @(131.2500 mm, 46.1125 mm): 配線 [+3V3] ( F.Cu 上、長さ: 0.6250 mm )
    @(158.4275 mm, 45.7800 mm): パッド 6 [+3V3] - U14 ( F.Cu 上)
[unconnected_items]: アイテム間の接続が見つからない
    ローカル オーバーライド; error
    @(132.5500 mm, 85.2500 mm): パッド 1 [+3V3] - C27 ( F.Cu 上)
    @(116.2750 mm, 94.2500 mm): PTHパッド 1 [+3V3] (J1)
[unconnected_items]: アイテム間の接続が見つからない
    ローカル オーバーライド; error
    @(141.4000 mm, 113.2500 mm): パッド 2 [+3V3] - C18 ( F.Cu 上)
    @(146.7500 mm, 109.9000 mm): パッド 5 [+3V3] - U7 ( F.Cu 上)
[unconnected_items]: アイテム間の接続が見つからない
    ローカル オーバーライド; error
    @(141.4000 mm, 113.2500 mm): パッド 2 [+3V3] - C18 ( F.Cu 上)
    @(125.8625 mm, 114.2250 mm): パッド 16 [+3V3] - U12 ( F.Cu 上)
[unconnected_items]: アイテム間の接続が見つからない
    ローカル オーバーライド; error
    @(144.3375 mm, 120.2500 mm): パッド 1 [+3V3] - R23 ( F.Cu 上)
    @(145.2500 mm, 141.9500 mm): パッド 2 [+3V3] - C20 ( F.Cu 上)
[unconnected_items]: アイテム間の接続が見つからない
    ローカル オーバーライド; error
    @(144.3625 mm, 168.2250 mm): パッド 16 [+3V3] - U10 ( F.Cu 上)
    @(140.7500 mm, 163.7500 mm): パッド 1 [+3V3] - C23 ( F.Cu 上)
[unconnected_items]: アイテム間の接続が見つからない
    ローカル オーバーライド; error
    @(144.3625 mm, 168.2250 mm): パッド 16 [+3V3] - U10 ( F.Cu 上)
    @(150.2500 mm, 171.7500 mm): パッド 1 [+3V3] - R24 ( F.Cu 上)
[unconnected_items]: アイテム間の接続が見つからない
    ローカル オーバーライド; error
    @(145.2500 mm, 141.9500 mm): パッド 2 [+3V3] - C20 ( F.Cu 上)
    @(132.5000 mm, 139.8250 mm): パッド 1 [+3V3] - R29 ( F.Cu 上)
[unconnected_items]: アイテム間の接続が見つからない
    ローカル オーバーライド; error
    @(145.2500 mm, 141.9500 mm): パッド 2 [+3V3] - C20 ( F.Cu 上)
    @(158.7528 mm, 138.6250 mm): パッド 7 [+3V3] - U8 ( F.Cu 上)
[unconnected_items]: アイテム間の接続が見つからない
    ローカル オーバーライド; error
    @(146.7500 mm, 85.2850 mm): パッド 24 [+3V3] - U13 ( F.Cu 上)
    @(158.4275 mm, 85.7800 mm): パッド 22 [+3V3] - U14 ( F.Cu 上)
[unconnected_items]: アイテム間の接続が見つからない
    ローカル オーバーライド; error
    @(146.7500 mm, 85.2850 mm): パッド 24 [+3V3] - U13 ( F.Cu 上)
    @(132.5500 mm, 85.2500 mm): パッド 1 [+3V3] - C27 ( F.Cu 上)
[unconnected_items]: アイテム間の接続が見つからない
    ローカル オーバーライド; error
    @(146.7500 mm, 109.9000 mm): パッド 5 [+3V3] - U7 ( F.Cu 上)
    @(149.7500 mm, 115.0875 mm): パッド 2 [+3V3] - R22 ( F.Cu 上)
[unconnected_items]: アイテム間の接続が見つからない
    ローカル オーバーライド; error
    @(149.7500 mm, 115.0875 mm): パッド 2 [+3V3] - R22 ( F.Cu 上)
    @(144.3375 mm, 120.2500 mm): パッド 1 [+3V3] - R23 ( F.Cu 上)
[unconnected_items]: アイテム間の接続が見つからない
    ローカル オーバーライド; error
    @(149.7500 mm, 115.0875 mm): パッド 2 [+3V3] - R22 ( F.Cu 上)
    @(158.4275 mm, 110.7800 mm): パッド 32 [+3V3] - U14 ( F.Cu 上)
[unconnected_items]: アイテム間の接続が見つからない
    ローカル オーバーライド; error
    @(153.9875 mm, 152.7500 mm): パッド 1 [+3V3] - R25 ( F.Cu 上)
    @(159.3375 mm, 153.5000 mm): パッド 1 [+3V3] - R26 ( F.Cu 上)
[unconnected_items]: アイテム間の接続が見つからない
    ローカル オーバーライド; error
    @(153.9875 mm, 152.7500 mm): パッド 1 [+3V3] - R25 ( F.Cu 上)
    @(145.2500 mm, 141.9500 mm): パッド 2 [+3V3] - C20 ( F.Cu 上)
[unconnected_items]: アイテム間の接続が見つからない
    ローカル オーバーライド; error
    @(158.4275 mm, 35.7800 mm): パッド 2 [+3V3] - U14 ( F.Cu 上)
    @(158.4275 mm, 40.7800 mm): パッド 4 [+3V3] - U14 ( F.Cu 上)
[unconnected_items]: アイテム間の接続が見つからない
    ローカル オーバーライド; error
    @(158.4275 mm, 40.7800 mm): パッド 4 [+3V3] - U14 ( F.Cu 上)
    @(158.4275 mm, 45.7800 mm): パッド 6 [+3V3] - U14 ( F.Cu 上)
[unconnected_items]: アイテム間の接続が見つからない
    ローカル オーバーライド; error
    @(158.4275 mm, 50.7800 mm): パッド 8 [+3V3] - U14 ( F.Cu 上)
    @(158.4275 mm, 55.7800 mm): パッド 10 [+3V3] - U14 ( F.Cu 上)
[unconnected_items]: アイテム間の接続が見つからない
    ローカル オーバーライド; error
    @(158.4275 mm, 50.7800 mm): パッド 8 [+3V3] - U14 ( F.Cu 上)
    @(158.4275 mm, 45.7800 mm): パッド 6 [+3V3] - U14 ( F.Cu 上)
[unconnected_items]: アイテム間の接続が見つからない
    ローカル オーバーライド; error
    @(158.4275 mm, 55.7800 mm): パッド 10 [+3V3] - U14 ( F.Cu 上)
    @(158.4275 mm, 60.7800 mm): パッド 12 [+3V3] - U14 ( F.Cu 上)
[unconnected_items]: アイテム間の接続が見つからない
    ローカル オーバーライド; error
    @(158.4275 mm, 60.7800 mm): パッド 12 [+3V3] - U14 ( F.Cu 上)
    @(158.4275 mm, 65.7800 mm): パッド 14 [+3V3] - U14 ( F.Cu 上)
[unconnected_items]: アイテム間の接続が見つからない
    ローカル オーバーライド; error
    @(158.4275 mm, 65.7800 mm): パッド 14 [+3V3] - U14 ( F.Cu 上)
    @(158.4275 mm, 70.7800 mm): パッド 16 [+3V3] - U14 ( F.Cu 上)
[unconnected_items]: アイテム間の接続が見つからない
    ローカル オーバーライド; error
    @(158.4275 mm, 75.7800 mm): パッド 18 [+3V3] - U14 ( F.Cu 上)
    @(158.4275 mm, 70.7800 mm): パッド 16 [+3V3] - U14 ( F.Cu 上)
[unconnected_items]: アイテム間の接続が見つからない
    ローカル オーバーライド; error
    @(158.4275 mm, 75.7800 mm): パッド 18 [+3V3] - U14 ( F.Cu 上)
    @(158.4275 mm, 80.7800 mm): パッド 20 [+3V3] - U14 ( F.Cu 上)
[unconnected_items]: アイテム間の接続が見つからない
    ローカル オーバーライド; error
    @(158.4275 mm, 80.7800 mm): パッド 20 [+3V3] - U14 ( F.Cu 上)
    @(158.4275 mm, 85.7800 mm): パッド 22 [+3V3] - U14 ( F.Cu 上)
[unconnected_items]: アイテム間の接続が見つからない
    ローカル オーバーライド; error
    @(158.4275 mm, 85.7800 mm): パッド 22 [+3V3] - U14 ( F.Cu 上)
    @(158.4275 mm, 90.7800 mm): パッド 24 [+3V3] - U14 ( F.Cu 上)
[unconnected_items]: アイテム間の接続が見つからない
    ローカル オーバーライド; error
    @(158.4275 mm, 90.7800 mm): パッド 24 [+3V3] - U14 ( F.Cu 上)
    @(158.4275 mm, 95.7800 mm): パッド 26 [+3V3] - U14 ( F.Cu 上)
[unconnected_items]: アイテム間の接続が見つからない
    ローカル オーバーライド; error
    @(158.4275 mm, 100.7800 mm): パッド 28 [+3V3] - U14 ( F.Cu 上)
    @(158.4275 mm, 95.7800 mm): パッド 26 [+3V3] - U14 ( F.Cu 上)
[unconnected_items]: アイテム間の接続が見つからない
    ローカル オーバーライド; error
    @(158.4275 mm, 100.7800 mm): パッド 28 [+3V3] - U14 ( F.Cu 上)
    @(158.4275 mm, 105.7800 mm): パッド 30 [+3V3] - U14 ( F.Cu 上)
[unconnected_items]: アイテム間の接続が見つからない
    ローカル オーバーライド; error
    @(158.4275 mm, 105.7800 mm): パッド 30 [+3V3] - U14 ( F.Cu 上)
    @(158.4275 mm, 110.7800 mm): パッド 32 [+3V3] - U14 ( F.Cu 上)
[unconnected_items]: アイテム間の接続が見つからない
    ローカル オーバーライド; error
    @(171.5000 mm, 121.0000 mm): パッド 1 [+3V3] - U1 ( F.Cu 上)
    @(158.4275 mm, 110.7800 mm): パッド 32 [+3V3] - U14 ( F.Cu 上)
[unconnected_items]: アイテム間の接続が見つからない
    ローカル オーバーライド; error
    @(119.2875 mm, 44.7500 mm): 配線 [/RP2040/1.1V] ( F.Cu 上、長さ: 1.1844 mm )
    @(118.9875 mm, 46.7500 mm): 配線 [/RP2040/1.1V] ( F.Cu 上、長さ: 0.0530 mm )
[unconnected_items]: アイテム間の接続が見つからない
    ローカル オーバーライド; error
    @(126.8875 mm, 45.9500 mm): パッド 23 [/RP2040/1.1V] - U5 ( F.Cu 上)
    @(120.0125 mm, 46.7500 mm): 配線 [/RP2040/1.1V] ( F.Cu 上、長さ: 1.0250 mm )
[unconnected_items]: アイテム間の接続が見つからない
    ローカル オーバーライド; error
    @(125.8625 mm, 116.1750 mm): パッド 13 [Net-(U12-D2)] - U12 ( F.Cu 上)
    @(125.2500 mm, 140.5000 mm): 配線 [Net-(U12-D2)] ( F.Cu 上、長さ: 4.3664 mm )
[unconnected_items]: アイテム間の接続が見つからない
    ローカル オーバーライド; error
    @(125.8625 mm, 118.1250 mm): パッド 10 [/Page_Encoder/DATA-IN] - U12 ( F.Cu 上)
    @(171.5000 mm, 82.0000 mm): パッド 13 [/Page_Encoder/DATA-IN] - U1 ( F.Cu 上)

** Found 0 Footprint errors **

** End of Report **
